// Jest Snapshot v1, https://goo.gl/fbAQLP

exports[`should render Menu 1`] = `
<header
  class="sc-jSgupP sc-fubCfw hFNlhE eBohen"
>
  Please Select a Guild
</header>
`;
